// Jest Snapshot v1, https://goo.gl/fbAQLP

exports[`<Logo /> should render correctly 1`] = `
<Image
  source={
    Object {
      "testUri": "../../../src/assets/images/logo.png",
    }
  }
  style={
    Object {
      "height": 80,
      "width": 80,
    }
  }
/>
`;
